// Jest Snapshot v1, https://goo.gl/fbAQLP

exports[`Entry item component should match with the snapshot 1`] = `
<div class="entry-container mb-3 pointer p-2">
  <div class="entry-title d-flex"><span class="text-success fs-5 fw-bold">14</span><span class="mx-1 fs-5">Agosto</span><span class="mx-2 fw-light">2023, Lunes</span></div>
  <div class="entry-description">Es un d√≠a bonito!</div>
</div>
`;
