// Jest Snapshot v1, https://goo.gl/fbAQLP

exports[`Entry List component Should call getEntriesByTermn and show all the entries 1`] = `
<div class="entry-list-container">
  <div class="px-2 pt-2"><input class="form-control" placeholder="Buscar entrada" type="text"></div>
  <div class="mt-2 d-flex flex-column"><button class="btn btn-primary mx-3"><i class="fa fa-plus-circle"></i> Nueva Entrada </button></div>
  <div class="entry-scrollarea">
    <entry-stub entry="[object Object]"></entry-stub>
    <entry-stub entry="[object Object]"></entry-stub>
    <entry-stub entry="[object Object]"></entry-stub>
    <entry-stub entry="[object Object]"></entry-stub>
  </div>
</div>
`;
